Microchip MPLAB XC8 Compiler V2.10 ()

Linker command line:

-W-3 --edf=C:\Program Files (x86)\Microchip\xc8\v2.10\pic\dat\en_msgs.txt \
  -cs -h+dist/default/production\Firmware.production.sym \
  --cmf=dist/default/production\Firmware.production.cmf -z -Q18F45K20 \
  -oC:\Users\churc\AppData\Local\Temp\sagg.2 --defsym=__MPLAB_BUILD=1 \
  -Mdist/default/production/Firmware.production.map -E1 -ver=XC8 \
  --acfsm=1493 -ASTACK=060h-05FFh -pstack=STACK -ACODE=00h-07FFFh \
  -ACONST=00h-07FFFh -ASMALLCONST=0600h-06FFhx122 \
  -AMEDIUMCONST=0600h-07FFFh -ACOMRAM=01h-05Fh -AABS1=00h-05FFh \
  -ABIGRAM=01h-05FFh -ARAM=060h-0FFh,0100h-01FFhx5 -ABANK0=060h-0FFh \
  -ABANK1=0100h-01FFh -ABANK2=0200h-02FFh -ABANK3=0300h-03FFh \
  -ABANK4=0400h-04FFh -ABANK5=0500h-05FFh -ASFR=0F60h-0FFFh \
  -preset_vec=00h,intcode=08h,intcodelo,powerup,init -pramtop=0600h \
  -psmallconst=SMALLCONST -pmediumconst=MEDIUMCONST -pconst=CONST \
  -AFARRAM=00h-00h -ACONFIG=0300000h-030000Dh -pconfig=CONFIG \
  -AIDLOC=0200000h-0200007h -pidloc=IDLOC -AEEDATA=0F00000h-0F000FFh \
  -peeprom_data=EEDATA \
  -prdata=COMRAM,nvrram=COMRAM,nvbit=COMRAM,rbss=COMRAM,rbit=COMRAM \
  -pfarbss=FARRAM,fardata=FARRAM,nvFARRAM=FARRAM \
  -pintsave_regs=BIGRAM,bigbss=BIGRAM,bigdata=BIGRAM -pbss=RAM \
  -pidata=CODE,irdata=CODE,ibigdata=CODE,ifardata=CODE -prparam=COMRAM \
  C:\Users\churc\AppData\Local\Temp\sagg.o \
  dist/default/production\Firmware.production.o 

Object code version is 3.11

Machine type is 18F45K20

Call graph: (short form)




                Name                               Link     Load   Length Selector   Space Scale
C:\Users\churc\AppData\Local\Temp\sagg.o
                init                                 3C       3C        4        4       0
                reset_vec                             0        0        4        0       0
                idloc                            200000   200000        8   200000       0
                config                           300000   300000        E   300000       0
dist/default/production\Firmware.production.o
                intcode                               8        8       34        4       0
                temp                                 2E       2E        1        1       1
                text13                              31E      31E        A      16A       0
                text12                              314      314        A      16A       0
                text10                              32A      32A        2      16A       0
                text9                               306      306        E      16A       0
                text8                               18A      18A       7E        4       0
                text7                               208      208       66        4       0
                text6                                40       40       C4        4       0
                text5                               104      104       86        4       0
                text4                               2E8      2E8       10      16A       0
                text3                               2F8      2F8        E      16A       0
                text2                               328      328        2      16A       0
                text1                               2A4      2A4       1A        4       0
                text0                               2D4      2D4       14      16A       0
                cstackCOMRAM                         16       16        E        1       1
                dataCOMRAM                            1        1       15        1       1
                bssCOMRAM                            24       24        A        1       1
                cinit                               26E      26E       36        4       0
                idataCOMRAM                         2BE      2BE       15        4       0

TOTAL           Name                               Link     Load   Length     Space
        CLASS   STACK          

        CLASS   CODE           
                intcode                               8        8       34         0
                init                                 3C       3C        4         0
                reset_vec                             0        0        4         0
                text13                              31E      31E        A         0
                text12                              314      314        A         0
                text10                              32A      32A        2         0
                text9                               306      306        E         0
                text8                               18A      18A       7E         0
                text7                               208      208       66         0
                text6                                40       40       C4         0
                text5                               104      104       86         0
                text4                               2E8      2E8       10         0
                text3                               2F8      2F8        E         0
                text2                               328      328        2         0
                text1                               2A4      2A4       1A         0
                text0                               2D4      2D4       14         0
                cinit                               26E      26E       36         0
                idataCOMRAM                         2BE      2BE       15         0

        CLASS   CONST          

        CLASS   SMALLCONST     

        CLASS   MEDIUMCONST    

        CLASS   COMRAM         
                temp                                 2E       2E        1         1
                cstackCOMRAM                         16       16        E         1
                dataCOMRAM                            1        1       15         1
                bssCOMRAM                            24       24        A         1

        CLASS   ABS1           

        CLASS   BIGRAM         

        CLASS   RAM            

        CLASS   BANK0          

        CLASS   BANK1          

        CLASS   BANK2          

        CLASS   BANK3          

        CLASS   BANK4          

        CLASS   BANK5          

        CLASS   SFR            

        CLASS   FARRAM         

        CLASS   CONFIG         
                config                           300000   300000        E         0

        CLASS   IDLOC          
                idloc                            200000   200000        8         0

        CLASS   EEDATA         



SEGMENTS        Name                           Load    Length   Top    Selector   Space  Class

                reset_vec                      000000  000004  000004         0       0  CODE    
                dataCOMRAM                     000001  00002E  00002F         1       1  COMRAM  
                intcode                        000008  0002CB  0002D3         4       0  CODE    
                text0                          0002D4  000058  00032C       16A       0  CODE    
                idloc                          200000  000008  200008    200000       0  IDLOC   
                config                         300000  00000E  30000E    300000       0  CONFIG  


UNUSED ADDRESS RANGES

        Name                Unused          Largest block    Delta
        BANK0            000060-0000FF               A0
        BANK1            000100-0001FF              100
        BANK2            000200-0002FF              100
        BANK3            000300-0003FF              100
        BANK4            000400-0004FF              100
        BANK5            000500-0005FF              100
        BIGRAM           00002F-0005FF              5D1
        CODE             000004-000007                4
                         0002D3-0002D3                1
                         00032C-007FFF             7CD4
        COMRAM           00002F-00005F               31
        CONST            000004-000007                4
                         0002D3-0002D3                1
                         00032C-007FFF             7CD4
        EEDATA           F00000-F000FF              100
        MEDIUMCONST      000600-007FFF             7A00
        RAM              000060-0005FF              100
        SFR              000F60-000FFF               A0
        SMALLCONST       000600-007FFF              100
        STACK            000060-0005FF              5A0

                                  Symbol Table

?_get_Time                          cstackCOMRAM 000016
_INTCONbits                         (abs)        000FF2
_IO_setup                           text4        0002E8
_ISR                                intcode      000008
_LATB                               (abs)        000F8A
_LATC                               (abs)        000F8B
_OSCCON                             (abs)        000FD3
_PORTC                              (abs)        000F82
_T0CON                              (abs)        000FD5
_T0CONbits                          (abs)        000FD5
_T3CON                              (abs)        000FB1
_T3CONbits                          (abs)        000FB1
_TMR0H                              (abs)        000FD7
_TMR0IF                             (abs)        007F92
_TMR0L                              (abs)        000FD6
_TMR3H                              (abs)        000FB3
_TMR3IF                             (abs)        007D09
_TMR3L                              (abs)        000FB2
_TRISBbits                          (abs)        000F93
_TRISCbits                          (abs)        000F94
_Timer_and_Interrupt_setup          text3        0002F8
__CFG_FOSC$INTIO67                  (abs)        000000
__CFG_LVP$OFF                       (abs)        000000
__CFG_WDTEN$OFF                     (abs)        000000
__HRAM                              (abs)        000000
__Habs1                             abs1         000000
__Hbank0                            bank0        000000
__Hbank1                            bank1        000000
__Hbank2                            bank2        000000
__Hbank3                            bank3        000000
__Hbank4                            bank4        000000
__Hbank5                            bank5        000000
__Hbigbss                           bigbss       000000
__Hbigdata                          bigdata      000000
__Hbigram                           bigram       000000
__Hbss                              bss          000000
__HbssCOMRAM                        bssCOMRAM    000000
__Hcinit                            cinit        000000
__Hclrtext                          clrtext      000000
__Hcomram                           comram       000000
__Hconfig                           config       30000E
__Hconst                            const        000000
__HcstackCOMRAM                     cstackCOMRAM 000000
__Hdata                             data         000000
__HdataCOMRAM                       dataCOMRAM   000000
__Heeprom_data                      eeprom_data  000000
__Hfarbss                           farbss       000000
__Hfardata                          fardata      000000
__Hibigdata                         ibigdata     000000
__Hidata                            idata        000000
__HidataCOMRAM                      idataCOMRAM  000000
__Hidloc                            idloc        200008
__Hifardata                         ifardata     000000
__Hinit                             init         000040
__Hintcode                          intcode      00003C
__Hintcode_body                     intcode_body 000000
__Hintcodelo                        intcodelo    00003C
__Hintentry                         intentry     000000
__Hintret                           intret       000000
__Hintsave_regs                     intsave_regs 000000
__Hirdata                           irdata       000000
__Hmediumconst                      mediumconst  000000
__HnvFARRAM                         nvFARRAM     000000
__Hnvbit                            nvbit        000000
__Hnvrram                           nvrram       000000
__Hparam                            rparam       000000
__Hpowerup                          powerup      00003C
__Hram                              ram          000000
__Hramtop                           ramtop       000600
__Hrbit                             rbit         000000
__Hrbss                             rbss         000000
__Hrdata                            rdata        000000
__Hreset_vec                        reset_vec    000004
__Hrparam                           rparam       000000
__Hsfr                              sfr          000000
__Hsmallconst                       smallconst   000000
__Hspace_0                          (abs)        30000E
__Hspace_1                          (abs)        00002F
__Hspace_2                          (abs)        000000
__Hstack                            stack        000000
__Hstruct                           struct       000000
__Htemp                             temp         00002F
__Htext                             text         000000
__Htext0                            text0        000000
__Htext1                            text1        000000
__Htext10                           text10       000000
__Htext12                           text12       000000
__Htext13                           text13       000000
__Htext2                            text2        000000
__Htext3                            text3        000000
__Htext4                            text4        000000
__Htext5                            text5        000000
__Htext6                            text6        000000
__Htext7                            text7        000000
__Htext8                            text8        000000
__Htext9                            text9        000000
__LRAM                              (abs)        000001
__Labs1                             abs1         000000
__Lbank0                            bank0        000000
__Lbank1                            bank1        000000
__Lbank2                            bank2        000000
__Lbank3                            bank3        000000
__Lbank4                            bank4        000000
__Lbank5                            bank5        000000
__Lbigbss                           bigbss       000000
__Lbigdata                          bigdata      000000
__Lbigram                           bigram       000000
__Lbss                              bss          000000
__LbssCOMRAM                        bssCOMRAM    000000
__Lcinit                            cinit        000000
__Lclrtext                          clrtext      000000
__Lcomram                           comram       000000
__Lconfig                           config       300000
__Lconst                            const        000000
__LcstackCOMRAM                     cstackCOMRAM 000000
__Ldata                             data         000000
__LdataCOMRAM                       dataCOMRAM   000000
__Leeprom_data                      eeprom_data  000000
__Lfarbss                           farbss       000000
__Lfardata                          fardata      000000
__Libigdata                         ibigdata     000000
__Lidata                            idata        000000
__LidataCOMRAM                      idataCOMRAM  000000
__Lidloc                            idloc        200000
__Lifardata                         ifardata     000000
__Linit                             init         00003C
__Lintcode                          intcode      000008
__Lintcode_body                     intcode_body 000000
__Lintcodelo                        intcodelo    00003C
__Lintentry                         intentry     000000
__Lintret                           intret       000000
__Lintsave_regs                     intsave_regs 000000
__Lirdata                           irdata       000000
__Lmediumconst                      mediumconst  000000
__LnvFARRAM                         nvFARRAM     000000
__Lnvbit                            nvbit        000000
__Lnvrram                           nvrram       000000
__Lparam                            rparam       000000
__Lpowerup                          powerup      00003C
__Lram                              ram          000000
__Lramtop                           ramtop       000600
__Lrbit                             rbit         000000
__Lrbss                             rbss         000000
__Lrdata                            rdata        000000
__Lreset_vec                        reset_vec    000000
__Lrparam                           rparam       000000
__Lsfr                              sfr          000000
__Lsmallconst                       smallconst   000000
__Lspace_0                          (abs)        000000
__Lspace_1                          (abs)        000000
__Lspace_2                          (abs)        000000
__Lstack                            stack        000000
__Lstruct                           struct       000000
__Ltemp                             temp         00002E
__Ltext                             text         000000
__Ltext0                            text0        000000
__Ltext1                            text1        000000
__Ltext10                           text10       000000
__Ltext12                           text12       000000
__Ltext13                           text13       000000
__Ltext2                            text2        000000
__Ltext3                            text3        000000
__Ltext4                            text4        000000
__Ltext5                            text5        000000
__Ltext6                            text6        000000
__Ltext7                            text7        000000
__Ltext8                            text8        000000
__Ltext9                            text9        000000
__S0                                (abs)        30000E
__S1                                (abs)        00002F
__S2                                (abs)        000000
___inthi_sp                         stack        000000
___intlo_sp                         stack        000000
___param_bank                       (abs)        000000
___rparam_used                      (abs)        000001
___sp                               stack        000000
__accesstop                         (abs)        000060
__activetblptr                      (abs)        000000
__end_of_IO_setup                   text4        0002F8
__end_of_ISR                        intcode      00003C
__end_of_Timer_and_Interrupt_setup  text3        000306
__end_of__initialization            cinit        00029A
__end_of_all_LEDs                   text2        00032A
__end_of_bTimeUp                    text8        000208
__end_of_clr_LEDs                   text10       00032C
__end_of_clr_Timer                  text13       000328
__end_of_clr_Timer3                 text12       00031E
__end_of_get_IO                     text7        00026E
__end_of_get_Time                   text9        000314
__end_of_heartbeat                  text5        00018A
__end_of_main                       text0        0002E8
__end_of_set_IO                     text6        000104
__end_of_setup                      text1        0002BE
__initialization                    cinit        00026E
__mediumconst                       mediumconst  000000
__pbssCOMRAM                        bssCOMRAM    000024
__pcinit                            cinit        00026E
__pcstackCOMRAM                     cstackCOMRAM 000016
__pdataCOMRAM                       dataCOMRAM   000001
__pidataCOMRAM                      idataCOMRAM  0002BE
__pintcode                          intcode      000008
__ptext0                            text0        0002D4
__ptext1                            text1        0002A4
__ptext10                           text10       00032A
__ptext12                           text12       000314
__ptext13                           text13       00031E
__ptext2                            text2        000328
__ptext3                            text3        0002F8
__ptext4                            text4        0002E8
__ptext5                            text5        000104
__ptext6                            text6        000040
__ptext7                            text7        000208
__ptext8                            text8        00018A
__ptext9                            text9        000306
__ramtop                            ramtop       000600
__size_of_IO_setup                  (abs)        000000
__size_of_ISR                       (abs)        000000
__size_of_Timer_and_Interrupt_setup (abs)        000000
__size_of_all_LEDs                  (abs)        000000
__size_of_bTimeUp                   (abs)        000000
__size_of_clr_LEDs                  (abs)        000000
__size_of_clr_Timer                 (abs)        000000
__size_of_clr_Timer3                (abs)        000000
__size_of_get_IO                    (abs)        000000
__size_of_get_Time                  (abs)        000000
__size_of_heartbeat                 (abs)        000000
__size_of_main                      (abs)        000000
__size_of_set_IO                    (abs)        000000
__size_of_setup                     (abs)        000000
__smallconst                        smallconst   000000
_all_LEDs                           text2        000328
_astInputs                          dataCOMRAM   000001
_astOutputs                         dataCOMRAM   000004
_bTimeUp                            text8        00018A
_clr_LEDs                           text10       00032A
_clr_Timer                          text13       00031E
_clr_Timer3                         text12       000314
_gbTick                             bssCOMRAM    00002D
_get_IO                             text7        000208
_get_Time                           text9        000306
_gucTestBit                         bssCOMRAM    00002B
_guc_3_Tick                         bssCOMRAM    00002C
_heartbeat                          text5        000104
_main                               text0        0002D4
_set_IO                             text6        000040
_setup                              text1        0002A4
bTimeUp@CurrentTime                 cstackCOMRAM 000021
bTimeUp@Period                      cstackCOMRAM 00001C
bTimeUp@StartTime                   cstackCOMRAM 00001A
bTimeUp@b                           cstackCOMRAM 000020
btemp                               temp         00002E
end_of_initialization               cinit        00029A
get_IO@IO                           cstackCOMRAM 000016
get_IO@item                         cstackCOMRAM 000018
heartbeat@bHeartState               cstackCOMRAM 000023
heartbeat@nbFirst                   bssCOMRAM    00002A
heartbeat@ucOverFlow                bssCOMRAM    000029
heartbeat@uwStartTime               bssCOMRAM    000024
int$flags                           temp         00002E
intlevel0                           text         000000
intlevel1                           text         000000
intlevel2                           text         000000
intlevel3                           text         000000
set_IO@IO                           cstackCOMRAM 000016
set_IO@bValue                       cstackCOMRAM 000019
set_IO@item                         cstackCOMRAM 000018
set_IO@ucLocal                      cstackCOMRAM 00001F
stackhi                             (abs)        0005FF
stacklo                             (abs)        000060
start                               init         00003C
start_initialization                cinit        00026E
testing@b                           bssCOMRAM    000028
testing@nbFirst                     bssCOMRAM    000026
testing@ucLocalTicks                bssCOMRAM    000027
ttemp5                              temp         00002F
ttemp6                              temp         000032
ttemp7                              temp         000036
wtemp8                              temp         00002F


FUNCTION INFORMATION:

 *************** function _main *****************
 Defined at:
		line 47 in file "main.c"
 Parameters:    Size  Location     Type
		None
 Auto vars:     Size  Location     Type
		None
 Return value:  Size  Location     Type
                  1    wreg      void 
 Registers used:
		wreg, fsr2l, fsr2h, status,2, status,0, prodl, prodh, cstack
 Tracked objects:
		On entry : 
		On exit  : 
		Unchanged: 
 Data sizes:     COMRAM   BANK0   BANK1   BANK2   BANK3   BANK4   BANK5
      Params:         0       0       0       0       0       0       0
      Locals:         0       0       0       0       0       0       0
      Temps:          0       0       0       0       0       0       0
      Totals:         0       0       0       0       0       0       0
Total ram usage:        0 bytes
 Hardware stack levels required when called:    5
 This function calls:
		_clr_LEDs
		_heartbeat
		_setup
 This function is called by:
		Startup code after reset
 This function uses a non-reentrant model


 *************** function _setup *****************
 Defined at:
		line 139 in file "setup.c"
 Parameters:    Size  Location     Type
		None
 Auto vars:     Size  Location     Type
		None
 Return value:  Size  Location     Type
                  1    wreg      void 
 Registers used:
		wreg, status,2, cstack
 Tracked objects:
		On entry : 
		On exit  : 
		Unchanged: 
 Data sizes:     COMRAM   BANK0   BANK1   BANK2   BANK3   BANK4   BANK5
      Params:         0       0       0       0       0       0       0
      Locals:         0       0       0       0       0       0       0
      Temps:          0       0       0       0       0       0       0
      Totals:         0       0       0       0       0       0       0
Total ram usage:        0 bytes
 Hardware stack levels used:    1
 Hardware stack levels required when called:    3
 This function calls:
		_IO_setup
		_Timer_and_Interrupt_setup
		_all_LEDs
 This function is called by:
		_main
 This function uses a non-reentrant model


 *************** function _all_LEDs *****************
 Defined at:
		line 17 in file "leds.c"
 Parameters:    Size  Location     Type
		None
 Auto vars:     Size  Location     Type
		None
 Return value:  Size  Location     Type
                  1    wreg      void 
 Registers used:
		None
 Tracked objects:
		On entry : 
		On exit  : 
		Unchanged: 
 Data sizes:     COMRAM   BANK0   BANK1   BANK2   BANK3   BANK4   BANK5
      Params:         0       0       0       0       0       0       0
      Locals:         0       0       0       0       0       0       0
      Temps:          0       0       0       0       0       0       0
      Totals:         0       0       0       0       0       0       0
Total ram usage:        0 bytes
 Hardware stack levels used:    1
 Hardware stack levels required when called:    2
 This function calls:
		Nothing
 This function is called by:
		_setup
 This function uses a non-reentrant model


 *************** function _Timer_and_Interrupt_setup *****************
 Defined at:
		line 62 in file "setup.c"
 Parameters:    Size  Location     Type
		None
 Auto vars:     Size  Location     Type
		None
 Return value:  Size  Location     Type
                  1    wreg      void 
 Registers used:
		wreg, status,2
 Tracked objects:
		On entry : 
		On exit  : 
		Unchanged: 
 Data sizes:     COMRAM   BANK0   BANK1   BANK2   BANK3   BANK4   BANK5
      Params:         0       0       0       0       0       0       0
      Locals:         0       0       0       0       0       0       0
      Temps:          0       0       0       0       0       0       0
      Totals:         0       0       0       0       0       0       0
Total ram usage:        0 bytes
 Hardware stack levels used:    1
 Hardware stack levels required when called:    2
 This function calls:
		Nothing
 This function is called by:
		_setup
 This function uses a non-reentrant model


 *************** function _IO_setup *****************
 Defined at:
		line 49 in file "setup.c"
 Parameters:    Size  Location     Type
		None
 Auto vars:     Size  Location     Type
		None
 Return value:  Size  Location     Type
                  1    wreg      void 
 Registers used:
		None
 Tracked objects:
		On entry : 
		On exit  : 
		Unchanged: 
 Data sizes:     COMRAM   BANK0   BANK1   BANK2   BANK3   BANK4   BANK5
      Params:         0       0       0       0       0       0       0
      Locals:         0       0       0       0       0       0       0
      Temps:          0       0       0       0       0       0       0
      Totals:         0       0       0       0       0       0       0
Total ram usage:        0 bytes
 Hardware stack levels used:    1
 Hardware stack levels required when called:    2
 This function calls:
		Nothing
 This function is called by:
		_setup
 This function uses a non-reentrant model


 *************** function _heartbeat *****************
 Defined at:
		line 157 in file "setup.c"
 Parameters:    Size  Location     Type
		None
 Auto vars:     Size  Location     Type
  bHeartState     1   13[COMRAM] unsigned char 
 Return value:  Size  Location     Type
                  1    wreg      void 
 Registers used:
		wreg, fsr2l, fsr2h, status,2, status,0, prodl, prodh, cstack
 Tracked objects:
		On entry : 
		On exit  : 
		Unchanged: 
 Data sizes:     COMRAM   BANK0   BANK1   BANK2   BANK3   BANK4   BANK5
      Params:         0       0       0       0       0       0       0
      Locals:         1       0       0       0       0       0       0
      Temps:          0       0       0       0       0       0       0
      Totals:         1       0       0       0       0       0       0
Total ram usage:        1 bytes
 Hardware stack levels used:    1
 Hardware stack levels required when called:    4
 This function calls:
		_bTimeUp
		_get_IO
		_get_Time
		_set_IO
 This function is called by:
		_main
 This function uses a non-reentrant model


 *************** function _set_IO *****************
 Defined at:
		line 9 in file "setup.c"
 Parameters:    Size  Location     Type
  IO              2    0[COMRAM] PTR struct gstGPIO
		 -> astOutputs(18), 
  item            1    2[COMRAM] unsigned char 
  bValue          1    3[COMRAM] unsigned char 
 Auto vars:     Size  Location     Type
  ucLocal         2    9[COMRAM] PTR volatile unsigned ch
		 -> LATB(1), LATC(1), PORTC(1), 
 Return value:  Size  Location     Type
                  1    wreg      void 
 Registers used:
		wreg, fsr2l, fsr2h, status,2, status,0, prodl, prodh
 Tracked objects:
		On entry : 
		On exit  : 
		Unchanged: 
 Data sizes:     COMRAM   BANK0   BANK1   BANK2   BANK3   BANK4   BANK5
      Params:         4       0       0       0       0       0       0
      Locals:         2       0       0       0       0       0       0
      Temps:          5       0       0       0       0       0       0
      Totals:        11       0       0       0       0       0       0
Total ram usage:       11 bytes
 Hardware stack levels used:    1
 Hardware stack levels required when called:    2
 This function calls:
		Nothing
 This function is called by:
		_heartbeat
		_testing
 This function uses a non-reentrant model


 *************** function _get_IO *****************
 Defined at:
		line 24 in file "setup.c"
 Parameters:    Size  Location     Type
  IO              2    0[COMRAM] PTR struct gstGPIO
		 -> astOutputs(18), 
  item            1    2[COMRAM] unsigned char 
 Auto vars:     Size  Location     Type
		None
 Return value:  Size  Location     Type
                  1    wreg      unsigned char 
 Registers used:
		wreg, fsr2l, fsr2h, status,2, status,0, prodl, prodh
 Tracked objects:
		On entry : 
		On exit  : 
		Unchanged: 
 Data sizes:     COMRAM   BANK0   BANK1   BANK2   BANK3   BANK4   BANK5
      Params:         3       0       0       0       0       0       0
      Locals:         0       0       0       0       0       0       0
      Temps:          8       0       0       0       0       0       0
      Totals:        11       0       0       0       0       0       0
Total ram usage:       11 bytes
 Hardware stack levels used:    1
 Hardware stack levels required when called:    2
 This function calls:
		Nothing
 This function is called by:
		_heartbeat
 This function uses a non-reentrant model


 *************** function _bTimeUp *****************
 Defined at:
		line 113 in file "setup.c"
 Parameters:    Size  Location     Type
  StartTime       2    4[COMRAM] unsigned short 
  Period          2    6[COMRAM] unsigned short 
 Auto vars:     Size  Location     Type
  CurrentTime     2   11[COMRAM] unsigned short 
  b               1   10[COMRAM] unsigned char 
 Return value:  Size  Location     Type
                  1    wreg      unsigned char 
 Registers used:
		wreg, status,2, status,0, cstack
 Tracked objects:
		On entry : 
		On exit  : 
		Unchanged: 
 Data sizes:     COMRAM   BANK0   BANK1   BANK2   BANK3   BANK4   BANK5
      Params:         4       0       0       0       0       0       0
      Locals:         3       0       0       0       0       0       0
      Temps:          2       0       0       0       0       0       0
      Totals:         9       0       0       0       0       0       0
Total ram usage:        9 bytes
 Hardware stack levels used:    1
 Hardware stack levels required when called:    3
 This function calls:
		_get_Time
 This function is called by:
		_heartbeat
 This function uses a non-reentrant model


 *************** function _get_Time *****************
 Defined at:
		line 107 in file "setup.c"
 Parameters:    Size  Location     Type
		None
 Auto vars:     Size  Location     Type
		None
 Return value:  Size  Location     Type
                  2    0[COMRAM] unsigned short 
 Registers used:
		wreg, status,2
 Tracked objects:
		On entry : 
		On exit  : 
		Unchanged: 
 Data sizes:     COMRAM   BANK0   BANK1   BANK2   BANK3   BANK4   BANK5
      Params:         2       0       0       0       0       0       0
      Locals:         0       0       0       0       0       0       0
      Temps:          2       0       0       0       0       0       0
      Totals:         4       0       0       0       0       0       0
Total ram usage:        4 bytes
 Hardware stack levels used:    1
 Hardware stack levels required when called:    2
 This function calls:
		Nothing
 This function is called by:
		_bTimeUp
		_heartbeat
 This function uses a non-reentrant model


 *************** function _clr_LEDs *****************
 Defined at:
		line 9 in file "leds.c"
 Parameters:    Size  Location     Type
		None
 Auto vars:     Size  Location     Type
		None
 Return value:  Size  Location     Type
                  1    wreg      void 
 Registers used:
		None
 Tracked objects:
		On entry : 
		On exit  : 
		Unchanged: 
 Data sizes:     COMRAM   BANK0   BANK1   BANK2   BANK3   BANK4   BANK5
      Params:         0       0       0       0       0       0       0
      Locals:         0       0       0       0       0       0       0
      Temps:          0       0       0       0       0       0       0
      Totals:         0       0       0       0       0       0       0
Total ram usage:        0 bytes
 Hardware stack levels used:    1
 Hardware stack levels required when called:    2
 This function calls:
		Nothing
 This function is called by:
		_main
 This function uses a non-reentrant model


 *************** function _ISR *****************
 Defined at:
		line 89 in file "setup.c"
 Parameters:    Size  Location     Type
		None
 Auto vars:     Size  Location     Type
		None
 Return value:  Size  Location     Type
                  1    wreg      void 
 Registers used:
		wreg, status,2, status,0, cstack
 Tracked objects:
		On entry : 
		On exit  : 
		Unchanged: 
 Data sizes:     COMRAM   BANK0   BANK1   BANK2   BANK3   BANK4   BANK5
      Params:         0       0       0       0       0       0       0
      Locals:         0       0       0       0       0       0       0
      Temps:          0       0       0       0       0       0       0
      Totals:         0       0       0       0       0       0       0
Total ram usage:        0 bytes
 Hardware stack levels used:    1
 Hardware stack levels required when called:    1
 This function calls:
		_clr_Timer
		_clr_Timer3
 This function is called by:
		Interrupt level 2
 This function uses a non-reentrant model


 *************** function _clr_Timer3 *****************
 Defined at:
		line 83 in file "setup.c"
 Parameters:    Size  Location     Type
		None
 Auto vars:     Size  Location     Type
		None
 Return value:  Size  Location     Type
                  1    wreg      void 
 Registers used:
		wreg, status,2
 Tracked objects:
		On entry : 
		On exit  : 
		Unchanged: 
 Data sizes:     COMRAM   BANK0   BANK1   BANK2   BANK3   BANK4   BANK5
      Params:         0       0       0       0       0       0       0
      Locals:         0       0       0       0       0       0       0
      Temps:          0       0       0       0       0       0       0
      Totals:         0       0       0       0       0       0       0
Total ram usage:        0 bytes
 Hardware stack levels used:    1
 This function calls:
		Nothing
 This function is called by:
		_ISR
 This function uses a non-reentrant model


 *************** function _clr_Timer *****************
 Defined at:
		line 77 in file "setup.c"
 Parameters:    Size  Location     Type
		None
 Auto vars:     Size  Location     Type
		None
 Return value:  Size  Location     Type
                  1    wreg      void 
 Registers used:
		wreg, status,2
 Tracked objects:
		On entry : 
		On exit  : 
		Unchanged: 
 Data sizes:     COMRAM   BANK0   BANK1   BANK2   BANK3   BANK4   BANK5
      Params:         0       0       0       0       0       0       0
      Locals:         0       0       0       0       0       0       0
      Temps:          0       0       0       0       0       0       0
      Totals:         0       0       0       0       0       0       0
Total ram usage:        0 bytes
 Hardware stack levels used:    1
 This function calls:
		Nothing
 This function is called by:
		_ISR
 This function uses a non-reentrant model



MODULE INFORMATION

Module		Function		Class		Link	Load	Size
shared
		__initialization		CODE           	026E	0000	45

shared estimated size: 45

leds.c
		_clr_LEDs      		CODE           	032A	0000	3
		_all_LEDs      		CODE           	0328	0000	3

leds.c estimated size: 6

setup.c
		_get_Time      		CODE           	0306	0000	15
		_clr_Timer     		CODE           	031E	0000	11
		_clr_Timer3    		CODE           	0314	0000	11
		_ISR           		CODE           	0008	0000	53
		_get_IO        		CODE           	0208	0000	103
		_IO_setup      		CODE           	02E8	0000	17
		_set_IO        		CODE           	0040	0000	197
		_bTimeUp       		CODE           	018A	0000	127
		_heartbeat     		CODE           	0104	0000	135
		_setup         		CODE           	02A4	0000	27
		_Timer_and_Interrupt_setup		CODE           	02F8	0000	15

setup.c estimated size: 711

main.c
		_main          		CODE           	02D4	0000	21

main.c estimated size: 21

