Microchip MPLAB XC8 Compiler V2.10 ()

Linker command line:

-W-3 --edf=C:\Program Files (x86)\Microchip\xc8\v2.10\pic\dat\en_msgs.txt \
  -cs -h+dist/default/production\Firmware.X.production.sym \
  --cmf=dist/default/production\Firmware.X.production.cmf -z -Q18F45K20 \
  -oC:\Users\churc\AppData\Local\Temp\s7e8.2 --defsym=__MPLAB_BUILD=1 \
  -Mdist/default/production/Firmware.X.production.map -E1 -ver=XC8 \
  --acfsm=1493 -ASTACK=07Bh-05FFh -pstack=STACK -ACODE=00h-07FFFh \
  -ACONST=00h-07FFFh -ASMALLCONST=0600h-06FFhx122 \
  -AMEDIUMCONST=0600h-07FFFh -ACOMRAM=01h-05Fh -AABS1=00h-05FFh \
  -ABIGRAM=01h-05FFh -ARAM=060h-0FFh,0100h-01FFhx5 -ABANK0=060h-0FFh \
  -ABANK1=0100h-01FFh -ABANK2=0200h-02FFh -ABANK3=0300h-03FFh \
  -ABANK4=0400h-04FFh -ABANK5=0500h-05FFh -ASFR=0F60h-0FFFh \
  -preset_vec=00h,intcode=08h,intcodelo,powerup,init -pramtop=0600h \
  -psmallconst=SMALLCONST -pmediumconst=MEDIUMCONST -pconst=CONST \
  -AFARRAM=00h-00h -ACONFIG=0300000h-030000Dh -pconfig=CONFIG \
  -AIDLOC=0200000h-0200007h -pidloc=IDLOC -AEEDATA=0F00000h-0F000FFh \
  -peeprom_data=EEDATA \
  -prdata=COMRAM,nvrram=COMRAM,nvbit=COMRAM,rbss=COMRAM,rbit=COMRAM \
  -pfarbss=FARRAM,fardata=FARRAM,nvFARRAM=FARRAM \
  -pintsave_regs=BIGRAM,bigbss=BIGRAM,bigdata=BIGRAM -pbss=RAM \
  -pidata=CODE,irdata=CODE,ibigdata=CODE,ifardata=CODE -prparam=COMRAM \
  C:\Users\churc\AppData\Local\Temp\s7e8.o \
  dist/default/production\Firmware.X.production.o 

Object code version is 3.11

Machine type is 18F45K20

Call graph: (short form)




                Name                               Link     Load   Length Selector   Space Scale
C:\Users\churc\AppData\Local\Temp\s7e8.o
                init                                 5E       5E        4        4       0
                reset_vec                             0        0        4        0       0
                idloc                            200000   200000        8   200000       0
                config                           300000   300000        E   300000       0
dist/default/production\Firmware.X.production.o
                intcode                               8        8       56        4       0
                temp                                 51       51        1        1       1
                text12                              3B2      3B2        A      1CD       0
                text11                              3A8      3A8        A      1CD       0
                text9                                62       62       C4        4       0
                text8                               31A      31A       2C        4       0
                text7                               362      362       1C        4       0
                text6                               39A      39A        E      1CD       0
                text5                               2EE      2EE       2C        4       0
                text4                               346      346       1C        4       0
                text3                               126      126       66        4       0
                text2                               23A      23A       50        4       0
                text1                               18C      18C       58        4       0
                text0                               2C0      2C0       2E        4       0
                cstackCOMRAM                         37       37       10        1       1
                dataBANK0                            60       60       1B       60       1
                dataCOMRAM                            1        1       36        1       1
                bssCOMRAM                            47       47        A        1       1
                cinit                               1E4      1E4       56        4       0
                idataBANK0                          37E      37E       1B        4       0
                idataCOMRAM                         28A      28A       36        4       0

TOTAL           Name                               Link     Load   Length     Space
        CLASS   STACK          

        CLASS   CODE           
                intcode                               8        8       56         0
                init                                 5E       5E        4         0
                reset_vec                             0        0        4         0
                text12                              3B2      3B2        A         0
                text11                              3A8      3A8        A         0
                text9                                62       62       C4         0
                text8                               31A      31A       2C         0
                text7                               362      362       1C         0
                text6                               39A      39A        E         0
                text5                               2EE      2EE       2C         0
                text4                               346      346       1C         0
                text3                               126      126       66         0
                text2                               23A      23A       50         0
                text1                               18C      18C       58         0
                text0                               2C0      2C0       2E         0
                cinit                               1E4      1E4       56         0
                idataBANK0                          37E      37E       1B         0
                idataCOMRAM                         28A      28A       36         0

        CLASS   CONST          

        CLASS   SMALLCONST     

        CLASS   MEDIUMCONST    

        CLASS   COMRAM         
                temp                                 51       51        1         1
                cstackCOMRAM                         37       37       10         1
                dataCOMRAM                            1        1       36         1
                bssCOMRAM                            47       47        A         1

        CLASS   ABS1           

        CLASS   BIGRAM         

        CLASS   RAM            

        CLASS   BANK0          
                dataBANK0                            60       60       1B         1

        CLASS   BANK1          

        CLASS   BANK2          

        CLASS   BANK3          

        CLASS   BANK4          

        CLASS   BANK5          

        CLASS   SFR            

        CLASS   FARRAM         

        CLASS   CONFIG         
                config                           300000   300000        E         0

        CLASS   IDLOC          
                idloc                            200000   200000        8         0

        CLASS   EEDATA         



SEGMENTS        Name                           Load    Length   Top    Selector   Space  Class

                reset_vec                      000000  000004  000004         0       0  CODE    
                dataCOMRAM                     000001  000051  000052         1       1  COMRAM  
                intcode                        000008  000391  000399         4       0  CODE    
                dataBANK0                      000060  00001B  00007B        60       1  BANK0   
                text6                          00039A  000022  0003BC       1CD       0  CODE    
                idloc                          200000  000008  200008    200000       0  IDLOC   
                config                         300000  00000E  30000E    300000       0  CONFIG  


UNUSED ADDRESS RANGES

        Name                Unused          Largest block    Delta
        BANK0            00007B-0000FF               85
        BANK1            000100-0001FF              100
        BANK2            000200-0002FF              100
        BANK3            000300-0003FF              100
        BANK4            000400-0004FF              100
        BANK5            000500-0005FF              100
        BIGRAM           000052-00005F                E
                         00007B-0005FF              585
        CODE             000004-000007                4
                         000399-000399                1
                         0003BC-007FFF             7C44
        COMRAM           000052-00005F                E
        CONST            000004-000007                4
                         000399-000399                1
                         0003BC-007FFF             7C44
        EEDATA           F00000-F000FF              100
        MEDIUMCONST      000600-007FFF             7A00
        RAM              00007B-0005FF              100
        SFR              000F60-000FFF               A0
        SMALLCONST       000600-007FFF              100
        STACK            00007B-0005FF              585

                                  Symbol Table

_INTCONbits                         (abs)        000FF2
_IO_setup                           text7        000362
_ISR                                intcode      000008
_LATA                               (abs)        000F89
_LATB                               (abs)        000F8A
_LATBbits                           (abs)        000F8A
_LATC                               (abs)        000F8B
_LATE                               (abs)        000F8D
_LATEbits                           (abs)        000F8D
_OSCCON                             (abs)        000FD3
_PORTB                              (abs)        000F81
_PORTD                              (abs)        000F83
_T0CON                              (abs)        000FD5
_T0CONbits                          (abs)        000FD5
_T3CON                              (abs)        000FB1
_T3CONbits                          (abs)        000FB1
_TMR0H                              (abs)        000FD7
_TMR0IF                             (abs)        007F92
_TMR0L                              (abs)        000FD6
_TMR3H                              (abs)        000FB3
_TMR3IF                             (abs)        007D09
_TMR3L                              (abs)        000FB2
_TRISA                              (abs)        000F92
_TRISBbits                          (abs)        000F93
_TRISC                              (abs)        000F94
_TRISD                              (abs)        000F95
_TRISEbits                          (abs)        000F96
_Timer_and_Interrupt_setup          text6        00039A
__CFG_FOSC$INTIO67                  (abs)        000000
__CFG_LVP$OFF                       (abs)        000000
__CFG_WDTEN$OFF                     (abs)        000000
__HRAM                              (abs)        000000
__Habs1                             abs1         000000
__Hbank0                            bank0        000000
__Hbank1                            bank1        000000
__Hbank2                            bank2        000000
__Hbank3                            bank3        000000
__Hbank4                            bank4        000000
__Hbank5                            bank5        000000
__Hbigbss                           bigbss       000000
__Hbigdata                          bigdata      000000
__Hbigram                           bigram       000000
__Hbss                              bss          000000
__HbssCOMRAM                        bssCOMRAM    000000
__Hcinit                            cinit        000000
__Hclrtext                          clrtext      000000
__Hcomram                           comram       000000
__Hconfig                           config       30000E
__Hconst                            const        000000
__HcstackCOMRAM                     cstackCOMRAM 000000
__Hdata                             data         000000
__HdataBANK0                        dataBANK0    000000
__HdataCOMRAM                       dataCOMRAM   000000
__Heeprom_data                      eeprom_data  000000
__Hfarbss                           farbss       000000
__Hfardata                          fardata      000000
__Hibigdata                         ibigdata     000000
__Hidata                            idata        000000
__HidataBANK0                       idataBANK0   000000
__HidataCOMRAM                      idataCOMRAM  000000
__Hidloc                            idloc        200008
__Hifardata                         ifardata     000000
__Hinit                             init         000062
__Hintcode                          intcode      00005E
__Hintcode_body                     intcode_body 000000
__Hintcodelo                        intcodelo    00005E
__Hintentry                         intentry     000000
__Hintret                           intret       000000
__Hintsave_regs                     intsave_regs 000000
__Hirdata                           irdata       000000
__Hmediumconst                      mediumconst  000000
__HnvFARRAM                         nvFARRAM     000000
__Hnvbit                            nvbit        000000
__Hnvrram                           nvrram       000000
__Hparam                            rparam       000000
__Hpowerup                          powerup      00005E
__Hram                              ram          000000
__Hramtop                           ramtop       000600
__Hrbit                             rbit         000000
__Hrbss                             rbss         000000
__Hrdata                            rdata        000000
__Hreset_vec                        reset_vec    000004
__Hrparam                           rparam       000000
__Hsfr                              sfr          000000
__Hsmallconst                       smallconst   000000
__Hspace_0                          (abs)        30000E
__Hspace_1                          (abs)        00007B
__Hspace_2                          (abs)        000000
__Hstack                            stack        000000
__Hstruct                           struct       000000
__Htemp                             temp         000052
__Htext                             text         000000
__Htext0                            text0        000000
__Htext1                            text1        000000
__Htext11                           text11       000000
__Htext12                           text12       000000
__Htext2                            text2        000000
__Htext3                            text3        000000
__Htext4                            text4        000000
__Htext5                            text5        000000
__Htext6                            text6        000000
__Htext7                            text7        000000
__Htext8                            text8        000000
__Htext9                            text9        000000
__LRAM                              (abs)        000001
__Labs1                             abs1         000000
__Lbank0                            bank0        000000
__Lbank1                            bank1        000000
__Lbank2                            bank2        000000
__Lbank3                            bank3        000000
__Lbank4                            bank4        000000
__Lbank5                            bank5        000000
__Lbigbss                           bigbss       000000
__Lbigdata                          bigdata      000000
__Lbigram                           bigram       000000
__Lbss                              bss          000000
__LbssCOMRAM                        bssCOMRAM    000000
__Lcinit                            cinit        000000
__Lclrtext                          clrtext      000000
__Lcomram                           comram       000000
__Lconfig                           config       300000
__Lconst                            const        000000
__LcstackCOMRAM                     cstackCOMRAM 000000
__Ldata                             data         000000
__LdataBANK0                        dataBANK0    000000
__LdataCOMRAM                       dataCOMRAM   000000
__Leeprom_data                      eeprom_data  000000
__Lfarbss                           farbss       000000
__Lfardata                          fardata      000000
__Libigdata                         ibigdata     000000
__Lidata                            idata        000000
__LidataBANK0                       idataBANK0   000000
__LidataCOMRAM                      idataCOMRAM  000000
__Lidloc                            idloc        200000
__Lifardata                         ifardata     000000
__Linit                             init         00005E
__Lintcode                          intcode      000008
__Lintcode_body                     intcode_body 000000
__Lintcodelo                        intcodelo    00005E
__Lintentry                         intentry     000000
__Lintret                           intret       000000
__Lintsave_regs                     intsave_regs 000000
__Lirdata                           irdata       000000
__Lmediumconst                      mediumconst  000000
__LnvFARRAM                         nvFARRAM     000000
__Lnvbit                            nvbit        000000
__Lnvrram                           nvrram       000000
__Lparam                            rparam       000000
__Lpowerup                          powerup      00005E
__Lram                              ram          000000
__Lramtop                           ramtop       000600
__Lrbit                             rbit         000000
__Lrbss                             rbss         000000
__Lrdata                            rdata        000000
__Lreset_vec                        reset_vec    000000
__Lrparam                           rparam       000000
__Lsfr                              sfr          000000
__Lsmallconst                       smallconst   000000
__Lspace_0                          (abs)        000000
__Lspace_1                          (abs)        000000
__Lspace_2                          (abs)        000000
__Lstack                            stack        000000
__Lstruct                           struct       000000
__Ltemp                             temp         000051
__Ltext                             text         000000
__Ltext0                            text0        000000
__Ltext1                            text1        000000
__Ltext11                           text11       000000
__Ltext12                           text12       000000
__Ltext2                            text2        000000
__Ltext3                            text3        000000
__Ltext4                            text4        000000
__Ltext5                            text5        000000
__Ltext6                            text6        000000
__Ltext7                            text7        000000
__Ltext8                            text8        000000
__Ltext9                            text9        000000
__S0                                (abs)        30000E
__S1                                (abs)        00007B
__S2                                (abs)        000000
___inthi_sp                         stack        000000
___intlo_sp                         stack        000000
___param_bank                       (abs)        000000
___rparam_used                      (abs)        000001
___sp                               stack        000000
__accesstop                         (abs)        000060
__activetblptr                      (abs)        000000
__end_of_IO_setup                   text7        00037E
__end_of_ISR                        intcode      00005E
__end_of_Timer_and_Interrupt_setup  text6        0003A8
__end_of__initialization            cinit        000230
__end_of_all_LEDs                   text5        00031A
__end_of_clr_LEDs                   text8        000346
__end_of_clr_Timer                  text12       0003BC
__end_of_clr_Timer3                 text11       0003B2
__end_of_compare_IO                 text2        00028A
__end_of_get_IO                     text3        00018C
__end_of_main                       text0        0002EE
__end_of_set_IO                     text9        000126
__end_of_setup                      text4        000362
__end_of_testing                    text1        0001E4
__initialization                    cinit        0001E4
__mediumconst                       mediumconst  000000
__pbssCOMRAM                        bssCOMRAM    000047
__pcinit                            cinit        0001E4
__pcstackCOMRAM                     cstackCOMRAM 000037
__pdataBANK0                        dataBANK0    000060
__pdataCOMRAM                       dataCOMRAM   000001
__pidataBANK0                       idataBANK0   00037E
__pidataCOMRAM                      idataCOMRAM  00028A
__pintcode                          intcode      000008
__ptext0                            text0        0002C0
__ptext1                            text1        00018C
__ptext11                           text11       0003A8
__ptext12                           text12       0003B2
__ptext2                            text2        00023A
__ptext3                            text3        000126
__ptext4                            text4        000346
__ptext5                            text5        0002EE
__ptext6                            text6        00039A
__ptext7                            text7        000362
__ptext8                            text8        00031A
__ptext9                            text9        000062
__ramtop                            ramtop       000600
__size_of_IO_setup                  (abs)        000000
__size_of_ISR                       (abs)        000000
__size_of_Timer_and_Interrupt_setup (abs)        000000
__size_of_all_LEDs                  (abs)        000000
__size_of_clr_LEDs                  (abs)        000000
__size_of_clr_Timer                 (abs)        000000
__size_of_clr_Timer3                (abs)        000000
__size_of_compare_IO                (abs)        000000
__size_of_get_IO                    (abs)        000000
__size_of_main                      (abs)        000000
__size_of_set_IO                    (abs)        000000
__size_of_setup                     (abs)        000000
__size_of_testing                   (abs)        000000
__smallconst                        smallconst   000000
_all_LEDs                           text5        0002EE
_astInputs                          dataBANK0    000060
_astLEDs                            dataCOMRAM   00001C
_astOutputs                         dataCOMRAM   000001
_clr_LEDs                           text8        00031A
_clr_Timer                          text12       0003B2
_clr_Timer3                         text11       0003A8
_compare_IO                         text2        00023A
_gbTick                             bssCOMRAM    000050
_get_IO                             text3        000126
_gucTestBit                         bssCOMRAM    00004E
_guc_3_Tick                         bssCOMRAM    00004F
_main                               text0        0002C0
_set_IO                             text9        000062
_setup                              text4        000346
_testing                            text1        00018C
all_LEDs@uc                         cstackCOMRAM 000043
btemp                               temp         000051
clr_LEDs@uc                         cstackCOMRAM 000043
compare_IO@TargetBit                cstackCOMRAM 000045
compare_IO@bInput                   cstackCOMRAM 000044
compare_IO@bOutput                  cstackCOMRAM 000043
end_of_initialization               cinit        000230
get_IO@IO                           cstackCOMRAM 000038
get_IO@item                         cstackCOMRAM 00003A
heartbeat@nbFirst                   bssCOMRAM    00004D
heartbeat@ucOverFlow                bssCOMRAM    00004C
heartbeat@uwStartTime               bssCOMRAM    000047
int$flags                           temp         000051
intlevel0                           text         000000
intlevel1                           text         000000
intlevel2                           text         000000
intlevel3                           text         000000
set_IO@IO                           cstackCOMRAM 000038
set_IO@bValue                       cstackCOMRAM 00003B
set_IO@item                         cstackCOMRAM 00003A
set_IO@ucLocal                      cstackCOMRAM 000041
stackhi                             (abs)        0005FF
stacklo                             (abs)        00007B
start                               init         00005E
start_initialization                cinit        0001E4
testing@TargetBit                   cstackCOMRAM 000046
testing@b                           bssCOMRAM    00004B
testing@nbFirst                     bssCOMRAM    000049
testing@ucLocalTicks                bssCOMRAM    00004A
ttemp5                              temp         000052
ttemp6                              temp         000055
ttemp7                              temp         000059
wtemp8                              temp         000052


FUNCTION INFORMATION:

 *************** function _main *****************
 Defined at:
		line 73 in file "main.c"
 Parameters:    Size  Location     Type
		None
 Auto vars:     Size  Location     Type
		None
 Return value:  Size  Location     Type
                  1    wreg      void 
 Registers used:
		wreg, fsr2l, fsr2h, status,2, status,0, prodl, prodh, cstack
 Tracked objects:
		On entry : 
		On exit  : 
		Unchanged: 
 Data sizes:     COMRAM   BANK0   BANK1   BANK2   BANK3   BANK4   BANK5
      Params:         0       0       0       0       0       0       0
      Locals:         0       0       0       0       0       0       0
      Temps:          0       0       0       0       0       0       0
      Totals:         0       0       0       0       0       0       0
Total ram usage:        0 bytes
 Hardware stack levels required when called:    5
 This function calls:
		_clr_LEDs
		_setup
		_testing
 This function is called by:
		Startup code after reset
 This function uses a non-reentrant model


 *************** function _testing *****************
 Defined at:
		line 193 in file "setup.c"
 Parameters:    Size  Location     Type
  TargetBit       1    wreg     unsigned char 
 Auto vars:     Size  Location     Type
  TargetBit       1   15[COMRAM] unsigned char 
 Return value:  Size  Location     Type
                  1    wreg      void 
 Registers used:
		wreg, fsr2l, fsr2h, status,2, status,0, prodl, prodh, cstack
 Tracked objects:
		On entry : 
		On exit  : 
		Unchanged: 
 Data sizes:     COMRAM   BANK0   BANK1   BANK2   BANK3   BANK4   BANK5
      Params:         0       0       0       0       0       0       0
      Locals:         1       0       0       0       0       0       0
      Temps:          0       0       0       0       0       0       0
      Totals:         1       0       0       0       0       0       0
Total ram usage:        1 bytes
 Hardware stack levels used:    1
 Hardware stack levels required when called:    4
 This function calls:
		_compare_IO
		_set_IO
 This function is called by:
		_main
 This function uses a non-reentrant model


 *************** function _compare_IO *****************
 Defined at:
		line 185 in file "setup.c"
 Parameters:    Size  Location     Type
  TargetBit       1    wreg     unsigned char 
 Auto vars:     Size  Location     Type
  TargetBit       1   14[COMRAM] unsigned char 
  bInput          1   13[COMRAM] unsigned char 
  bOutput         1   12[COMRAM] unsigned char 
 Return value:  Size  Location     Type
                  1    wreg      void 
 Registers used:
		wreg, fsr2l, fsr2h, status,2, status,0, prodl, prodh, cstack
 Tracked objects:
		On entry : 
		On exit  : 
		Unchanged: 
 Data sizes:     COMRAM   BANK0   BANK1   BANK2   BANK3   BANK4   BANK5
      Params:         0       0       0       0       0       0       0
      Locals:         3       0       0       0       0       0       0
      Temps:          0       0       0       0       0       0       0
      Totals:         3       0       0       0       0       0       0
Total ram usage:        3 bytes
 Hardware stack levels used:    1
 Hardware stack levels required when called:    3
 This function calls:
		_get_IO
		_set_IO
 This function is called by:
		_testing
 This function uses a non-reentrant model


 *************** function _get_IO *****************
 Defined at:
		line 24 in file "setup.c"
 Parameters:    Size  Location     Type
  IO              2    1[COMRAM] PTR struct gstGPIO
		 -> astOutputs(27), astInputs(27), 
  item            1    3[COMRAM] unsigned char 
 Auto vars:     Size  Location     Type
		None
 Return value:  Size  Location     Type
                  1    wreg      unsigned char 
 Registers used:
		wreg, fsr2l, fsr2h, status,2, status,0, prodl, prodh
 Tracked objects:
		On entry : 
		On exit  : 
		Unchanged: 
 Data sizes:     COMRAM   BANK0   BANK1   BANK2   BANK3   BANK4   BANK5
      Params:         3       0       0       0       0       0       0
      Locals:         0       0       0       0       0       0       0
      Temps:          8       0       0       0       0       0       0
      Totals:        11       0       0       0       0       0       0
Total ram usage:       11 bytes
 Hardware stack levels used:    1
 Hardware stack levels required when called:    2
 This function calls:
		Nothing
 This function is called by:
		_compare_IO
 This function uses a non-reentrant model


 *************** function _setup *****************
 Defined at:
		line 146 in file "setup.c"
 Parameters:    Size  Location     Type
		None
 Auto vars:     Size  Location     Type
		None
 Return value:  Size  Location     Type
                  1    wreg      void 
 Registers used:
		wreg, fsr2l, fsr2h, status,2, status,0, prodl, prodh, cstack
 Tracked objects:
		On entry : 
		On exit  : 
		Unchanged: 
 Data sizes:     COMRAM   BANK0   BANK1   BANK2   BANK3   BANK4   BANK5
      Params:         0       0       0       0       0       0       0
      Locals:         0       0       0       0       0       0       0
      Temps:          0       0       0       0       0       0       0
      Totals:         0       0       0       0       0       0       0
Total ram usage:        0 bytes
 Hardware stack levels used:    1
 Hardware stack levels required when called:    4
 This function calls:
		_IO_setup
		_Timer_and_Interrupt_setup
		_all_LEDs
 This function is called by:
		_main
 This function uses a non-reentrant model


 *************** function _all_LEDs *****************
 Defined at:
		line 19 in file "leds.c"
 Parameters:    Size  Location     Type
		None
 Auto vars:     Size  Location     Type
  uc              1   12[COMRAM] unsigned char 
 Return value:  Size  Location     Type
                  1    wreg      void 
 Registers used:
		wreg, fsr2l, fsr2h, status,2, status,0, prodl, prodh, cstack
 Tracked objects:
		On entry : 
		On exit  : 
		Unchanged: 
 Data sizes:     COMRAM   BANK0   BANK1   BANK2   BANK3   BANK4   BANK5
      Params:         0       0       0       0       0       0       0
      Locals:         1       0       0       0       0       0       0
      Temps:          0       0       0       0       0       0       0
      Totals:         1       0       0       0       0       0       0
Total ram usage:        1 bytes
 Hardware stack levels used:    1
 Hardware stack levels required when called:    3
 This function calls:
		_set_IO
 This function is called by:
		_setup
 This function uses a non-reentrant model


 *************** function _Timer_and_Interrupt_setup *****************
 Defined at:
		line 69 in file "setup.c"
 Parameters:    Size  Location     Type
		None
 Auto vars:     Size  Location     Type
		None
 Return value:  Size  Location     Type
                  1    wreg      void 
 Registers used:
		wreg, status,2
 Tracked objects:
		On entry : 
		On exit  : 
		Unchanged: 
 Data sizes:     COMRAM   BANK0   BANK1   BANK2   BANK3   BANK4   BANK5
      Params:         0       0       0       0       0       0       0
      Locals:         0       0       0       0       0       0       0
      Temps:          0       0       0       0       0       0       0
      Totals:         0       0       0       0       0       0       0
Total ram usage:        0 bytes
 Hardware stack levels used:    1
 Hardware stack levels required when called:    2
 This function calls:
		Nothing
 This function is called by:
		_setup
 This function uses a non-reentrant model


 *************** function _IO_setup *****************
 Defined at:
		line 53 in file "setup.c"
 Parameters:    Size  Location     Type
		None
 Auto vars:     Size  Location     Type
		None
 Return value:  Size  Location     Type
                  1    wreg      void 
 Registers used:
		wreg, status,2
 Tracked objects:
		On entry : 
		On exit  : 
		Unchanged: 
 Data sizes:     COMRAM   BANK0   BANK1   BANK2   BANK3   BANK4   BANK5
      Params:         0       0       0       0       0       0       0
      Locals:         0       0       0       0       0       0       0
      Temps:          0       0       0       0       0       0       0
      Totals:         0       0       0       0       0       0       0
Total ram usage:        0 bytes
 Hardware stack levels used:    1
 Hardware stack levels required when called:    2
 This function calls:
		Nothing
 This function is called by:
		_setup
 This function uses a non-reentrant model


 *************** function _clr_LEDs *****************
 Defined at:
		line 11 in file "leds.c"
 Parameters:    Size  Location     Type
		None
 Auto vars:     Size  Location     Type
  uc              1   12[COMRAM] unsigned char 
 Return value:  Size  Location     Type
                  1    wreg      void 
 Registers used:
		wreg, fsr2l, fsr2h, status,2, status,0, prodl, prodh, cstack
 Tracked objects:
		On entry : 
		On exit  : 
		Unchanged: 
 Data sizes:     COMRAM   BANK0   BANK1   BANK2   BANK3   BANK4   BANK5
      Params:         0       0       0       0       0       0       0
      Locals:         1       0       0       0       0       0       0
      Temps:          0       0       0       0       0       0       0
      Totals:         1       0       0       0       0       0       0
Total ram usage:        1 bytes
 Hardware stack levels used:    1
 Hardware stack levels required when called:    3
 This function calls:
		_set_IO
 This function is called by:
		_main
 This function uses a non-reentrant model


 *************** function _set_IO *****************
 Defined at:
		line 9 in file "setup.c"
 Parameters:    Size  Location     Type
  IO              2    1[COMRAM] PTR struct gstGPIO
		 -> astOutputs(27), astLEDs(27), 
  item            1    3[COMRAM] unsigned char 
  bValue          1    4[COMRAM] unsigned char 
 Auto vars:     Size  Location     Type
  ucLocal         2   10[COMRAM] PTR volatile unsigned ch
		 -> LATA(1), PORTB(1), PORTD(1), LATE(1), 
		 -> LATB(1), LATC(1), 
 Return value:  Size  Location     Type
                  1    wreg      void 
 Registers used:
		wreg, fsr2l, fsr2h, status,2, status,0, prodl, prodh
 Tracked objects:
		On entry : 
		On exit  : 
		Unchanged: 
 Data sizes:     COMRAM   BANK0   BANK1   BANK2   BANK3   BANK4   BANK5
      Params:         4       0       0       0       0       0       0
      Locals:         2       0       0       0       0       0       0
      Temps:          5       0       0       0       0       0       0
      Totals:        11       0       0       0       0       0       0
Total ram usage:       11 bytes
 Hardware stack levels used:    1
 Hardware stack levels required when called:    2
 This function calls:
		Nothing
 This function is called by:
		_clr_LEDs
		_all_LEDs
		_compare_IO
		_testing
		_walk_LEDs
 This function uses a non-reentrant model


 *************** function _ISR *****************
 Defined at:
		line 96 in file "setup.c"
 Parameters:    Size  Location     Type
		None
 Auto vars:     Size  Location     Type
		None
 Return value:  Size  Location     Type
                  1    wreg      void 
 Registers used:
		wreg, status,2, status,0, cstack
 Tracked objects:
		On entry : 
		On exit  : 
		Unchanged: 
 Data sizes:     COMRAM   BANK0   BANK1   BANK2   BANK3   BANK4   BANK5
      Params:         0       0       0       0       0       0       0
      Locals:         0       0       0       0       0       0       0
      Temps:          1       0       0       0       0       0       0
      Totals:         1       0       0       0       0       0       0
Total ram usage:        1 bytes
 Hardware stack levels used:    1
 Hardware stack levels required when called:    1
 This function calls:
		_clr_Timer
		_clr_Timer3
 This function is called by:
		Interrupt level 2
 This function uses a non-reentrant model


 *************** function _clr_Timer3 *****************
 Defined at:
		line 90 in file "setup.c"
 Parameters:    Size  Location     Type
		None
 Auto vars:     Size  Location     Type
		None
 Return value:  Size  Location     Type
                  1    wreg      void 
 Registers used:
		wreg, status,2
 Tracked objects:
		On entry : 
		On exit  : 
		Unchanged: 
 Data sizes:     COMRAM   BANK0   BANK1   BANK2   BANK3   BANK4   BANK5
      Params:         0       0       0       0       0       0       0
      Locals:         0       0       0       0       0       0       0
      Temps:          0       0       0       0       0       0       0
      Totals:         0       0       0       0       0       0       0
Total ram usage:        0 bytes
 Hardware stack levels used:    1
 This function calls:
		Nothing
 This function is called by:
		_ISR
 This function uses a non-reentrant model


 *************** function _clr_Timer *****************
 Defined at:
		line 84 in file "setup.c"
 Parameters:    Size  Location     Type
		None
 Auto vars:     Size  Location     Type
		None
 Return value:  Size  Location     Type
                  1    wreg      void 
 Registers used:
		wreg, status,2
 Tracked objects:
		On entry : 
		On exit  : 
		Unchanged: 
 Data sizes:     COMRAM   BANK0   BANK1   BANK2   BANK3   BANK4   BANK5
      Params:         0       0       0       0       0       0       0
      Locals:         0       0       0       0       0       0       0
      Temps:          0       0       0       0       0       0       0
      Totals:         0       0       0       0       0       0       0
Total ram usage:        0 bytes
 Hardware stack levels used:    1
 This function calls:
		Nothing
 This function is called by:
		_ISR
 This function uses a non-reentrant model



MODULE INFORMATION

Module		Function		Class		Link	Load	Size
shared
		__initialization		CODE           	01E4	0000	77

shared estimated size: 77

leds.c
		_clr_LEDs      		CODE           	031A	0000	45
		_all_LEDs      		CODE           	02EE	0000	45

leds.c estimated size: 90

setup.c
		_clr_Timer     		CODE           	03B2	0000	11
		_clr_Timer3    		CODE           	03A8	0000	11
		_ISR           		CODE           	0008	0000	87
		_testing       		CODE           	018C	0000	89
		_compare_IO    		CODE           	023A	0000	81
		_get_IO        		CODE           	0126	0000	103
		_IO_setup      		CODE           	0362	0000	29
		_set_IO        		CODE           	0062	0000	197
		_setup         		CODE           	0346	0000	29
		_Timer_and_Interrupt_setup		CODE           	039A	0000	15

setup.c estimated size: 652

main.c
		_main          		CODE           	02C0	0000	47

main.c estimated size: 47

